2026-01-22 23:33:57,379 - __main__ - INFO - Database initialized successfully
2026-01-22 23:33:57,379 - __main__ - INFO - Job Monitoring Bot Initialized
2026-01-22 23:33:57,379 - __main__ - INFO - Monitoring for: Data Analyst, Data Scientist, Machine Learning Engineer
2026-01-22 23:33:57,380 - __main__ - INFO - Experience: fresher, 0-1 years, 0–1 years
2026-01-22 23:33:57,380 - __main__ - INFO - Keywords required: sql, python, machine learning, html, css, js
2026-01-22 23:33:57,381 - __main__ - INFO - ============================================================
2026-01-22 23:33:57,381 - __main__ - INFO - Starting monitoring cycle at 2026-01-22 23:33:57.381391
2026-01-22 23:33:57,381 - __main__ - INFO - Checking: Naukri Data Analyst
2026-01-22 23:33:57,382 - __main__ - INFO - Fetching RSS: Naukri Data Analyst
2026-01-22 23:33:57,672 - __main__ - ERROR - XML parse error: not well-formed (invalid token): line 5, column 444
2026-01-22 23:33:59,673 - __main__ - INFO - Checking: Naukri Data Scientist
2026-01-22 23:33:59,674 - __main__ - INFO - Fetching RSS: Naukri Data Scientist
2026-01-22 23:33:59,819 - __main__ - ERROR - XML parse error: not well-formed (invalid token): line 5, column 444
2026-01-22 23:34:01,820 - __main__ - INFO - Checking: Naukri Machine Learning
2026-01-22 23:34:01,821 - __main__ - INFO - Fetching RSS: Naukri Machine Learning
2026-01-22 23:34:01,994 - __main__ - ERROR - XML parse error: not well-formed (invalid token): line 5, column 444
2026-01-22 23:34:03,996 - __main__ - INFO - Cycle Summary: Found 0 jobs, Matched 0, Sent 0 alerts
2026-01-22 23:34:03,997 - __main__ - INFO - Database: 0 jobs in history
2026-01-22 23:34:03,997 - __main__ - INFO - ============================================================
2026-01-22 23:34:43,123 - __main__ - INFO - Database initialized successfully
2026-01-22 23:34:43,124 - __main__ - INFO - Job Monitoring Bot Initialized
2026-01-22 23:34:43,125 - __main__ - INFO - Monitoring for: Data Analyst, Data Scientist, Machine Learning Engineer
2026-01-22 23:34:43,125 - __main__ - INFO - Experience: fresher, 0-1 years, 0–1 years
2026-01-22 23:34:43,125 - __main__ - INFO - Keywords required: sql, python, machine learning, html, css, js
2026-01-22 23:34:43,125 - __main__ - INFO - Starting continuous monitoring (every 30 minutes)
2026-01-22 23:34:43,125 - __main__ - INFO - Alert emails will be sent to: rohitranveer358@gmail.com.com
2026-01-22 23:34:43,125 - __main__ - INFO - Press Ctrl+C to stop
2026-01-22 23:34:43,125 - __main__ - INFO - ============================================================
2026-01-22 23:34:43,125 - __main__ - INFO - Starting monitoring cycle at 2026-01-22 23:34:43.125871
2026-01-22 23:34:43,126 - __main__ - INFO - Checking: Naukri Data Analyst
2026-01-22 23:34:43,126 - __main__ - INFO - Fetching RSS: Naukri Data Analyst
2026-01-22 23:34:43,405 - __main__ - ERROR - XML parse error: not well-formed (invalid token): line 5, column 444
2026-01-22 23:34:45,406 - __main__ - INFO - Checking: Naukri Data Scientist
2026-01-22 23:34:45,407 - __main__ - INFO - Fetching RSS: Naukri Data Scientist
2026-01-22 23:34:45,594 - __main__ - ERROR - XML parse error: not well-formed (invalid token): line 5, column 444
2026-01-22 23:34:47,596 - __main__ - INFO - Checking: Naukri Machine Learning
2026-01-22 23:34:47,596 - __main__ - INFO - Fetching RSS: Naukri Machine Learning
2026-01-22 23:34:47,792 - __main__ - ERROR - XML parse error: not well-formed (invalid token): line 5, column 444
2026-01-22 23:34:49,794 - __main__ - INFO - Cycle Summary: Found 0 jobs, Matched 0, Sent 0 alerts
2026-01-22 23:34:49,794 - __main__ - INFO - Database: 0 jobs in history
2026-01-22 23:34:49,795 - __main__ - INFO - ============================================================
